# ###########################################
# None
# ###########################################
# DataLogger fastLog
# Items: 9   Samples: 30000
# Sample Period: 0.001000 seconds
# 
# DataItems are: 
# 1 row number
# 2 Absolute sample number
# 3 pitchGimbal:run.curMode
# 4 pitchGimbal:run.curPosition
# 5 pitchGimbal:run.setPosition
# 6 pitchGimbal:run.errPosition
# 7 pitchGimbal:run.curVelocity
# 8 pitchGimbal:run.velError
# 9 pitchGimbal:run.setVelocity
# 10 pitchGimbal:run.errVelocity
# 11 pitchGimbal:run.curCommand
# ##########################################
00000000 01081539     1.000000    -0.100007    -0.100007     0.000000    -0.000087     0.000000     0.000000     0.000087    -0.546481 
00000001 01081540     1.000000    -0.100007    -0.100007     0.000000     0.000070     0.000000     0.000000    -0.000070    -0.578964 
00000002 01081541     1.000000    -0.100007    -0.100007     0.000000     0.000118     0.000000     0.000000    -0.000118    -0.575577 
00000003 01081542     1.000000    -0.100007    -0.100007     0.000000     0.000125     0.000000     0.000000    -0.000125    -0.544943 
00000004 01081543     1.000000    -0.100007    -0.100007     0.000000     0.000200     0.000000     0.000000    -0.000200    -0.553823 
00000005 01081544     1.000000    -0.100007    -0.100007     0.000000     0.000186     0.000000     0.000000    -0.000186    -0.559123 
00000006 01081545     1.000000    -0.100007    -0.100007     0.000000     0.000138     0.000000     0.000000    -0.000138    -0.533943 
00000007 01081546     1.000000    -0.100007    -0.100007     0.000000     0.000138     0.000000     0.000000    -0.000138    -0.538340 
00000008 01081547     1.000000    -0.100007    -0.100007     0.000000     0.000111     0.000000     0.000000    -0.000111    -0.558779 
00000009 01081548     1.000000    -0.100007    -0.100007     0.000000     0.000077     0.000000     0.000000    -0.000077    -0.567306 
00000010 01081549     1.000000    -0.100007    -0.100007     0.000000    -0.000025     0.000000     0.000000     0.000025    -0.558905 
00000011 01081550     1.000000    -0.100007    -0.100007     0.000000    -0.000114     0.000000     0.000000     0.000114    -0.545491 
00000012 01081551     1.000000    -0.100007    -0.100007     0.000000    -0.000216     0.000000     0.000000     0.000216    -0.534221 
00000013 01081552     1.000000    -0.100007    -0.100007     0.000000    -0.000202     0.000000     0.000000     0.000202    -0.538304 
00000014 01081553     1.000000    -0.100007    -0.100007     0.000000    -0.000196     0.000000     0.000000     0.000196    -0.546966 
00000015 01081554     1.000000    -0.100007    -0.100007     0.000000    -0.000209     0.000000     0.000000     0.000209    -0.531651 
00000016 01081555     1.000000    -0.100007    -0.100007     0.000000    -0.000087     0.000000     0.000000     0.000087    -0.551225 
00000017 01081556     1.000000    -0.100007    -0.100007     0.000000     0.000029     0.000000     0.000000    -0.000029    -0.585778 
00000018 01081557     1.000000    -0.100007    -0.100007     0.000000     0.000104     0.000000     0.000000    -0.000104    -0.578827 
00000019 01081558     1.000000    -0.100007    -0.100007     0.000000     0.000125     0.000000     0.000000    -0.000125    -0.554031 
00000020 01081559     1.000000    -0.100007    -0.100007     0.000000     0.000159     0.000000     0.000000    -0.000159    -0.545970 
00000021 01081560     1.000000    -0.100007    -0.100007     0.000000     0.000220     0.000000     0.000000    -0.000220    -0.561256 
00000022 01081561     1.000000    -0.100007    -0.100007     0.000000     0.000166     0.000000     0.000000    -0.000166    -0.549148